C51 COMPILER V9.00   DEMO                                                                  11/03/2018 20:30:14 PAGE 1   


C51 COMPILER V9.00, COMPILATION OF MODULE DEMO
OBJECT MODULE PLACED IN demo.OBJ
COMPILER INVOKED BY: E:\单片机\C51\BIN\C51.EXE demo.c BROWSE DEBUG OBJECTEXTEND

line level    source

   1          #include<reg52.h>
   2          
   3          typedef unsigned int u16;
   4          typedef unsigned char u8;
   5          //下面的函数用来初始化一些设定
   6          
   7          //需要定义一下的位置
   8          sbit echo = P2^0;
   9          sbit buzzer = P2^1;
  10          bit flag = 0;
  11          bit sign = 0;
  12          u16 count;
  13          u16 time=0;
  14          u16 distance;
  15          void init()
  16          {
  17   1              SCON=0X50;       /*SCON寄存器是串行口控制寄存器
  18   1                                       采用方式1，设定串行通信为10位异步收发，波特率可变(由定时器的溢出率决定)*/
  19   1              TMOD=0X21;              //计时器的方式采用方式2，8位自填充的计时器，计时器1用来串口通信
  20   1                                              //而计时器0是用来得到距离
  21   1              PCON=0X80;       //该寄存器是电源管理寄存器，最后一位是SMOD
  22   1              TH1=0XF4;        //计数器初始设定 注意波特率是4800
  23   1              TL1=0XF4;
  24   1              TH0=0;
  25   1              TL0=0;
  26   1              ES=1;        //打开接收中断
  27   1              ET0=1;        //允许T0中断
  28   1              EA=1;            //打开总中断 
  29   1              TR1=1;    //打开计时器
  30   1              
  31   1      }
  32          void delayms(u16 n)//该函数是用来延时，当n为1是，延时为1ms
  33          {
  34   1              u16 i,j;
  35   1              for(i=n;i>0;i--)
  36   1              {
  37   2                      for(j=110;j>0;j--);
  38   2                                        
  39   2              }
  40   1      
  41   1      }
  42          void calculate_distance()
  43          {
  44   1              time=TH0*256+TL0;
  45   1              TH0=0;
  46   1              TL0=0;//计数器清零
  47   1      
  48   1              distance=(time*1.7)/100;
  49   1      
  50   1      }
  51          void main(void)
  52          {
  53   1              init();
  54   1      
  55   1              while(1)
C51 COMPILER V9.00   DEMO                                                                  11/03/2018 20:30:14 PAGE 2   

  56   1              {
  57   2                 //用于初始化定时器2
  58   2                 RCAP2H=(65536-250)/256;//给T2设定初值
  59   2                 RCAP2L=(65536-250)%256;
  60   2                 for(count=500;count=0;count--)
*** WARNING C276 IN LINE 60 OF DEMO.C: constant in condition expression
  61   2                 {
  62   3                              sign=0;
  63   3                              while(!sign);
  64   3                 }
  65   2                 delayms(200);
  66   2                 while(!echo);
  67   2                 TR0=1;
  68   2                 while(echo);
  69   2                 TR0=0;
  70   2                 calculate_distance();
  71   2                 delayms(80);
  72   2                
  73   2              }
  74   1      
  75   1      
  76   1      }
  77          void out_of_Range()      interrupt 1
  78          {
  79   1              flag=1;//中断溢出标志
  80   1              buzzer=~buzzer;
  81   1      }
  82          void usart() interrupt 4//此处不确定中断的口
  83          {
  84   1                SBUF=distance;
  85   1      
  86   1                while(!TI);      //等待发送数据完成
  87   1                TI=0;                         //清除发送完成标志位
  88   1      
  89   1      }
  90          
  91          
  92          void Timer_Server(void)interrupt 5
  93          {
  94   1                TF2=0;
  95   1                buzzer=~buzzer;
  96   1                sign = 1;
  97   1      }
  98          


MODULE INFORMATION:   STATIC OVERLAYABLE
   CODE SIZE        =    187    ----
   CONSTANT SIZE    =   ----    ----
   XDATA SIZE       =   ----    ----
   PDATA SIZE       =   ----    ----
   DATA SIZE        =      6    ----
   IDATA SIZE       =   ----    ----
   BIT SIZE         =      2    ----
END OF MODULE INFORMATION.


C51 COMPILATION COMPLETE.  1 WARNING(S),  0 ERROR(S)
